// Jest Snapshot v1, https://goo.gl/fbAQLP

exports[`Discard should match snapshot 1`] = `
<Component>
  <DiscardRow
    city="Los Angeles"
    key="Los Angeles0"
    onRemove={[MockFunction]}
  />
  <DiscardRow
    city="San Francisco"
    key="San Francisco0"
    onRemove={[MockFunction]}
  />
  <DiscardRow
    city="San Francisco"
    key="San Francisco1"
    onRemove={[MockFunction]}
  />
</Component>
`;
