// Jest Snapshot v1, https://goo.gl/fbAQLP

exports[`App should match snapshot 1`] = `
<React.Fragment>
  <Component>
    <Component>
      <Component>
        Epidemia
      </Component>
      <Component>
        <Component />
      </Component>
      <Component
        to="/settings"
      >
        <Component />
      </Component>
    </Component>
    <Component>
      <Component
        to="/"
      >
        Dashboard
      </Component>
      <Component
        to="/infection"
      >
        Infection
      </Component>
      <Component
        to="/discard"
      >
        Discard
      </Component>
    </Component>
  </Component>
  <Route
    component={[Function]}
    exact={true}
    path="/"
  />
  <Route
    component={[Function]}
    exact={true}
    path="/infection"
  />
  <Route
    component={[Function]}
    exact={true}
    path="/discard"
  />
  <Route
    component={[Function]}
    exact={true}
    path="/settings"
  />
</React.Fragment>
`;
