// Jest Snapshot v1, https://goo.gl/fbAQLP

exports[`Dashboard should match snapshot 1`] = `
<React.Fragment>
  <Component>
    <Component>
      <Component>
        Epidemic Probability
      </Component>
      <Component
        value={0.63}
      />
    </Component>
    <Component>
      <Component
        active={true}
        value={0.63}
      />
    </Component>
  </Component>
  <Component>
    <Component>
      <Component>
        Table Goes Here
      </Component>
    </Component>
  </Component>
</React.Fragment>
`;
