// Jest Snapshot v1, https://goo.gl/fbAQLP

exports[`Discard should match snapshot 1`] = `
<Component>
  <Component>
    <Component>
      Atlanta
    </Component>
    <Component>
      <Component />
    </Component>
  </Component>
  <Component>
    <Component>
      San Francisco
    </Component>
    <Component>
      <Component />
    </Component>
  </Component>
  <Component>
    <Component>
      San Francisco
    </Component>
    <Component>
      <Component />
    </Component>
  </Component>
</Component>
`;
