// Jest Snapshot v1, https://goo.gl/fbAQLP

exports[`Infection should match snapshot 1`] = `
<React.Fragment>
  <Component>
    <Component>
      <Component>
        <Component
          checked={true}
          disabled={true}
          id="Atlanta"
        />
        <Component>
          Atlanta
        </Component>
      </Component>
    </Component>
    <Component>
      <Component>
        <Component>
          <Component />
        </Component>
        <Component>
          Washington D.C.
        </Component>
        <Component>
          <Component />
        </Component>
      </Component>
      <Component>
        <Component>
          <Component />
        </Component>
        <Component>
          Washington D.C
        </Component>
        <Component>
          <Component />
        </Component>
      </Component>
    </Component>
  </Component>
  <Component>
    Skip Infection
  </Component>
</React.Fragment>
`;
