// Jest Snapshot v1, https://goo.gl/fbAQLP

exports[`Infection should match snapshot 1`] = `
Array [
  <main
    className="main"
  >
    <section
      className="section"
    >
      <div
        className="row"
      >
        <button
          className="icon-button"
        >
          <svg
            className="feather feather-check-circle"
            fill="none"
            height="24"
            stroke="currentColor"
            strokeLinecap="round"
            strokeLinejoin="round"
            strokeWidth="2"
            viewBox="0 0 24 24"
            width="24"
            xmlns="http://www.w3.org/2000/svg"
          >
            <path
              d="M22 11.08V12a10 10 0 1 1-5.93-9.14"
            />
            <polyline
              points="22 4 12 14.01 9 11.01"
            />
          </svg>
        </button>
        <p
          className="text"
        >
          Atlanta
        </p>
      </div>
    </section>
    <section
      className="section"
    >
      <div
        className="row"
      >
        <button
          className="icon-button"
        >
          <svg
            className="feather feather-circle"
            fill="none"
            height="24"
            stroke="currentColor"
            strokeLinecap="round"
            strokeLinejoin="round"
            strokeWidth="2"
            viewBox="0 0 24 24"
            width="24"
            xmlns="http://www.w3.org/2000/svg"
          >
            <circle
              cx="12"
              cy="12"
              r="10"
            />
          </svg>
        </button>
        <p
          className="text"
        >
          Washington D.C.
        </p>
        <button
          className="icon-button"
        >
          <svg
            className="feather feather-target"
            fill="none"
            height="24"
            stroke="currentColor"
            strokeLinecap="round"
            strokeLinejoin="round"
            strokeWidth="2"
            viewBox="0 0 24 24"
            width="24"
            xmlns="http://www.w3.org/2000/svg"
          >
            <circle
              cx="12"
              cy="12"
              r="10"
            />
            <circle
              cx="12"
              cy="12"
              r="6"
            />
            <circle
              cx="12"
              cy="12"
              r="2"
            />
          </svg>
        </button>
      </div>
      <div
        className="row"
      >
        <button
          className="icon-button"
        >
          <svg
            className="feather feather-circle"
            fill="none"
            height="24"
            stroke="currentColor"
            strokeLinecap="round"
            strokeLinejoin="round"
            strokeWidth="2"
            viewBox="0 0 24 24"
            width="24"
            xmlns="http://www.w3.org/2000/svg"
          >
            <circle
              cx="12"
              cy="12"
              r="10"
            />
          </svg>
        </button>
        <p
          className="text"
        >
          Washington D.C
        </p>
        <button
          className="icon-button"
        >
          <svg
            className="feather feather-target"
            fill="none"
            height="24"
            stroke="currentColor"
            strokeLinecap="round"
            strokeLinejoin="round"
            strokeWidth="2"
            viewBox="0 0 24 24"
            width="24"
            xmlns="http://www.w3.org/2000/svg"
          >
            <circle
              cx="12"
              cy="12"
              r="10"
            />
            <circle
              cx="12"
              cy="12"
              r="6"
            />
            <circle
              cx="12"
              cy="12"
              r="2"
            />
          </svg>
        </button>
      </div>
    </section>
  </main>,
  <button
    className="bottom-button"
  >
    Skip Infection
  </button>,
]
`;
