// Jest Snapshot v1, https://goo.gl/fbAQLP

exports[`Player should match snapshot 1`] = `
<main
  className="main"
>
  <section
    className="tile"
  >
    <div
      className="row"
    >
      <meter
        className="data-meter"
        value={0}
      />
    </div>
    <div
      className="row"
    >
      <meter
        className="data-meter"
        value={0.3}
      />
    </div>
    <div
      className="row"
    >
      <meter
        className="data-meter active"
        value={1}
      />
    </div>
    <div
      className="row"
    >
      <meter
        className="data-meter active"
        value={1}
      />
    </div>
    <div
      className="row"
    >
      <meter
        className="data-meter active"
        value={1}
      />
    </div>
  </section>
</main>
`;
