// Jest Snapshot v1, https://goo.gl/fbAQLP

exports[`Settings should match snapshot 1`] = `
<React.Fragment>
  <Component>
    <Component>
      <Component>
        Played Deck Size
      </Component>
      <Component>
        <Component />
      </Component>
      <Component
        value={60}
      />
      <Component>
        <Component />
      </Component>
    </Component>
    <Component>
      <Component>
        Epidemic Count
      </Component>
      <Component>
        <Component />
      </Component>
      <Component
        value={6}
      />
      <Component>
        <Component />
      </Component>
    </Component>
  </Component>
  <Component>
    <Component>
      Infection Deck
    </Component>
    <Component>
      Add City
    </Component>
  </Component>
  <Component>
    <Component>
      <Component>
        <Component>
          San Francisco
        </Component>
        <Component>
          <Component />
        </Component>
        <Component
          value={2}
        />
        <Component>
          <Component />
        </Component>
      </Component>
    </Component>
  </Component>
  <Component>
    Save
  </Component>
</React.Fragment>
`;
