// Jest Snapshot v1, https://goo.gl/fbAQLP

exports[`Settings should match snapshot 1`] = `
Array [
  <section
    className="section"
  >
    <div
      className="row"
    >
      <p
        className="text"
      >
        Played Deck Size
      </p>
      <button
        className="icon-button"
      >
        <svg
          className="feather feather-minus-circle"
          fill="none"
          height="24"
          stroke="currentColor"
          strokeLinecap="round"
          strokeLinejoin="round"
          strokeWidth="2"
          viewBox="0 0 24 24"
          width="24"
          xmlns="http://www.w3.org/2000/svg"
        >
          <circle
            cx="12"
            cy="12"
            r="10"
          />
          <line
            x1="8"
            x2="16"
            y1="12"
            y2="12"
          />
        </svg>
      </button>
      <input
        className="numeric-input"
        type="number"
        value={60}
      />
      <button
        className="icon-button"
      >
        <svg
          className="feather feather-plus-circle"
          fill="none"
          height="24"
          stroke="currentColor"
          strokeLinecap="round"
          strokeLinejoin="round"
          strokeWidth="2"
          viewBox="0 0 24 24"
          width="24"
          xmlns="http://www.w3.org/2000/svg"
        >
          <circle
            cx="12"
            cy="12"
            r="10"
          />
          <line
            x1="12"
            x2="12"
            y1="8"
            y2="16"
          />
          <line
            x1="8"
            x2="16"
            y1="12"
            y2="12"
          />
        </svg>
      </button>
    </div>
    <div
      className="row"
    >
      <p
        className="text"
      >
        Epidemic Count
      </p>
      <button
        className="icon-button"
      >
        <svg
          className="feather feather-minus-circle"
          fill="none"
          height="24"
          stroke="currentColor"
          strokeLinecap="round"
          strokeLinejoin="round"
          strokeWidth="2"
          viewBox="0 0 24 24"
          width="24"
          xmlns="http://www.w3.org/2000/svg"
        >
          <circle
            cx="12"
            cy="12"
            r="10"
          />
          <line
            x1="8"
            x2="16"
            y1="12"
            y2="12"
          />
        </svg>
      </button>
      <input
        className="numeric-input"
        type="number"
        value={6}
      />
      <button
        className="icon-button"
      >
        <svg
          className="feather feather-plus-circle"
          fill="none"
          height="24"
          stroke="currentColor"
          strokeLinecap="round"
          strokeLinejoin="round"
          strokeWidth="2"
          viewBox="0 0 24 24"
          width="24"
          xmlns="http://www.w3.org/2000/svg"
        >
          <circle
            cx="12"
            cy="12"
            r="10"
          />
          <line
            x1="12"
            x2="12"
            y1="8"
            y2="16"
          />
          <line
            x1="8"
            x2="16"
            y1="12"
            y2="12"
          />
        </svg>
      </button>
    </div>
  </section>,
  <div
    className="row"
  >
    <h3
      className="subheader"
    >
      Infection Deck
    </h3>
    <button
      className="subheader-button"
    >
      Add City
    </button>
  </div>,
  <main
    className="main"
  >
    <section
      className="section"
    >
      <div
        className="row"
      >
        <p
          className="text"
        >
          San Francisco
        </p>
        <button
          className="icon-button"
        >
          <svg
            className="feather feather-minus-circle"
            fill="none"
            height="24"
            stroke="currentColor"
            strokeLinecap="round"
            strokeLinejoin="round"
            strokeWidth="2"
            viewBox="0 0 24 24"
            width="24"
            xmlns="http://www.w3.org/2000/svg"
          >
            <circle
              cx="12"
              cy="12"
              r="10"
            />
            <line
              x1="8"
              x2="16"
              y1="12"
              y2="12"
            />
          </svg>
        </button>
        <input
          className="numeric-input"
          type="number"
          value={2}
        />
        <button
          className="icon-button"
        >
          <svg
            className="feather feather-plus-circle"
            fill="none"
            height="24"
            stroke="currentColor"
            strokeLinecap="round"
            strokeLinejoin="round"
            strokeWidth="2"
            viewBox="0 0 24 24"
            width="24"
            xmlns="http://www.w3.org/2000/svg"
          >
            <circle
              cx="12"
              cy="12"
              r="10"
            />
            <line
              x1="12"
              x2="12"
              y1="8"
              y2="16"
            />
            <line
              x1="8"
              x2="16"
              y1="12"
              y2="12"
            />
          </svg>
        </button>
      </div>
    </section>
  </main>,
  <button
    className="bottom-button"
  >
    Save
  </button>,
]
`;
