// Jest Snapshot v1, https://goo.gl/fbAQLP

exports[`Dashboard should match snapshot 1`] = `
<React.Fragment>
  <Component>
    <Component>
      <Component>
        Epidemic Probability
      </Component>
      <Component
        value={0.25}
      />
    </Component>
    <Component>
      <Component
        value={0.25}
      />
    </Component>
  </Component>
  <Component>
    <Component
      aria-pressed={false}
      key="name"
      onClick={[Function]}
    >
      name
    </Component>
    <Component
      aria-pressed={true}
      key="infections"
      onClick={[Function]}
    >
      infections
    </Component>
    <Component
      aria-pressed={false}
      key="epidemics"
      onClick={[Function]}
    >
      epidemics
    </Component>
  </Component>
  <Component />
</React.Fragment>
`;
