// Jest Snapshot v1, https://goo.gl/fbAQLP

exports[`Layout AppBar should match snapshot 1`] = `
<header
  className="appbar"
/>
`;

exports[`Layout Main should match snapshot 1`] = `
<main
  className="main"
/>
`;

exports[`Layout Row should match snapshot 1`] = `
<div
  className="row"
/>
`;

exports[`Layout Section should match snapshot 1`] = `
<section
  className="section"
/>
`;
